
> starter_helpi@0.1.0 test
> react-scripts test --coverage

FAIL src/App.test.tsx
  ● Test suite failed to run

    Cannot find module 'react-router-dom' from 'src/App.tsx'

    Require stack:
      src/App.tsx
      src/App.test.tsx

      2 | //import './App.css';
      3 | import { Button, Form } from 'react-bootstrap';
    > 4 | import { HashRouter as Router, Routes, Route } from 'react-router-dom';
        | ^
      5 | import { Home } from './Pages/Home';
      6 | import { Detailed } from './Pages/Detailed';
      7 | import { Rater } from './Pages/Rater';

      at Resolver.resolveModule (node_modules/jest-resolve/build/resolver.js:324:11)
      at Object.<anonymous> (src/App.tsx:4:1)
      at Object.<anonymous> (src/App.test.tsx:3:1)
      at TestScheduler.scheduleTests (node_modules/@jest/core/build/TestScheduler.js:333:13)
      at runJest (node_modules/@jest/core/build/runJest.js:404:19)
      at _run10000 (node_modules/@jest/core/build/cli/index.js:320:7)
      at runCLI (node_modules/@jest/core/build/cli/index.js:173:3)

[0;33mOne of your dependencies, babel-preset-react-app, is importing the
"@babel/plugin-proposal-private-property-in-object" package without
declaring it in its dependencies. This is currently working because
"@babel/plugin-proposal-private-property-in-object" is already in your
node_modules folder for unrelated reasons, but it [1mmay break at any time[0;33m.

babel-preset-react-app is part of the create-react-app project, [1mwhich
is not maintianed anymore[0;33m. It is thus unlikely that this bug will
ever be fixed. Add "@babel/plugin-proposal-private-property-in-object" to
your devDependencies to work around this error. This will make this message
go away.[0m
  
---------------------|---------|----------|---------|---------|-------------------
File                 | % Stmts | % Branch | % Funcs | % Lines | Uncovered Line #s 
---------------------|---------|----------|---------|---------|-------------------
All files            |       0 |        0 |       0 |       0 |                   
 src                 |       0 |        0 |       0 |       0 |                   
  App.tsx            |       0 |        0 |       0 |       0 | 11-31             
  index.tsx          |       0 |      100 |     100 |       0 | 7-19              
  reportWebVitals.ts |       0 |        0 |       0 |       0 | 3-10              
 src/Pages           |       0 |        0 |       0 |       0 |                   
  Detailed.tsx       |       0 |        0 |       0 |       0 | 9-115             
  Home.tsx           |       0 |      100 |       0 |       0 | 15                
  ProgBar.tsx        |       0 |        0 |       0 |       0 | 5-6               
  Rater.tsx          |       0 |        0 |       0 |       0 | 20-149            
  RaterQuestion.tsx  |       0 |        0 |       0 |       0 | 5-52              
  Results.tsx        |       0 |      100 |       0 |       0 | 83                
  Simple.tsx         |       0 |        0 |       0 |       0 | 10-115            
  StoreQuestions.ts  |       0 |      100 |       0 |       0 | 29-62             
---------------------|---------|----------|---------|---------|-------------------
Test Suites: 1 failed, 1 total
Tests:       0 total
Snapshots:   0 total
Time:        3.292 s
Ran all test suites.
